
engom@DESKTOP-SH06K5Q MINGW64 ~/Desktop/d (master)
$ git clone https://github.com/Abdelazizomar1/back.git
fatal: destination path 'back' already exists and is not an empty directory.

engom@DESKTOP-SH06K5Q MINGW64 ~/Desktop/d (master)
$ git add *
error: 'back/' does not have a commit checked out
fatal: adding files failed

engom@DESKTOP-SH06K5Q MINGW64 ~/Desktop/d (master)
$ git init
Reinitialized existing Git repository in C:/Users/engom/Desktop/d/.git/

engom@DESKTOP-SH06K5Q MINGW64 ~/Desktop/d (master)
$ git add README.md
fatal: pathspec 'README.md' did not match any files

engom@DESKTOP-SH06K5Q MINGW64 ~/Desktop/d (master)
$ git --version
git version 2.35.1.windows.2

engom@DESKTOP-SH06K5Q MINGW64 ~/Desktop/d (master)
$ dir
back  backend

engom@DESKTOP-SH06K5Q MINGW64 ~/Desktop/d (master)
$ cd back

engom@DESKTOP-SH06K5Q MINGW64 ~/Desktop/d/back (main)
$ git status
On branch main

No commits yet

nothing to commit (create/copy files and use "git add" to track)

engom@DESKTOP-SH06K5Q MINGW64 ~/Desktop/d/back (main)
$ git remote -v
origin  https://github.com/Abdelazizomar1/back.git (fetch)
origin  https://github.com/Abdelazizomar1/back.git (push)

engom@DESKTOP-SH06K5Q MINGW64 ~/Desktop/d/back (main)
$ git status
On branch main

No commits yet

nothing to commit (create/copy files and use "git add" to track)

engom@DESKTOP-SH06K5Q MINGW64 ~/Desktop/d/back (main)
$ git status
On branch main

No commits yet

Untracked files:
  (use "git add <file>..." to include in what will be committed)
        back.txt

nothing added to commit but untracked files present (use "git add" to track)

engom@DESKTOP-SH06K5Q MINGW64 ~/Desktop/d/back (main)
$ git add back.txt

engom@DESKTOP-SH06K5Q MINGW64 ~/Desktop/d/back (main)
$ git status
On branch main

No commits yet

Changes to be committed:
  (use "git rm --cached <file>..." to unstage)
        new file:   back.txt


engom@DESKTOP-SH06K5Q MINGW64 ~/Desktop/d/back (main)
$ git commit -m 'ciao'
[main (root-commit) 9826485] ciao
 1 file changed, 0 insertions(+), 0 deletions(-)
 create mode 100644 back.txt

engom@DESKTOP-SH06K5Q MINGW64 ~/Desktop/d/back (main)
$ git status
On branch main
Your branch is based on 'origin/main', but the upstream is gone.
  (use "git branch --unset-upstream" to fixup)

nothing to commit, working tree clean

engom@DESKTOP-SH06K5Q MINGW64 ~/Desktop/d/back (main)
$ git push
Enumerating objects: 3, done.
Counting objects: 100% (3/3), done.
Writing objects: 100% (3/3), 204 bytes | 204.00 KiB/s, done.
Total 3 (delta 0), reused 0 (delta 0), pack-reused 0
To https://github.com/Abdelazizomar1/back.git
 * [new branch]      main -> main

engom@DESKTOP-SH06K5Q MINGW64 ~/Desktop/d/back (main)
$ git add back.txt

engom@DESKTOP-SH06K5Q MINGW64 ~/Desktop/d/back (main)
$ git status
On branch main
Your branch is up to date with 'origin/main'.

Changes to be committed:
  (use "git restore --staged <file>..." to unstage)
        modified:   back.txt


engom@DESKTOP-SH06K5Q MINGW64 ~/Desktop/d/back (main)
$ git commit
[main b388f12] heyy
 1 file changed, 1 insertion(+)

engom@DESKTOP-SH06K5Q MINGW64 ~/Desktop/d/back (main)
$ nano

engom@DESKTOP-SH06K5Q MINGW64 ~/Desktop/d/back (main)
$ git add *
warning: LF will be replaced by CRLF in back.txt.
The file will have its original line endings in your working directory

engom@DESKTOP-SH06K5Q MINGW64 ~/Desktop/d/back (main)
$ git commit -m 'hey'
[main 2d82db4] hey
 1 file changed, 1 insertion(+), 1 deletion(-)

engom@DESKTOP-SH06K5Q MINGW64 ~/Desktop/d/back (main)
$ git push
Enumerating objects: 8, done.
Counting objects: 100% (8/8), done.
Delta compression using up to 4 threads
Compressing objects: 100% (2/2), done.
Writing objects: 100% (6/6), 490 bytes | 490.00 KiB/s, done.
Total 6 (delta 0), reused 0 (delta 0), pack-reused 0
To https://github.com/Abdelazizomar1/back.git
   9826485..2d82db4  main -> main

engom@DESKTOP-SH06K5Q MINGW64 ~/Desktop/d/back (main)
$






$ git add -m 'git bash commands'
error: unknown switch `m'
usage: git add [<options>] [--] <pathspec>...

    -n, --dry-run         dry run
    -v, --verbose         be verbose

    -i, --interactive     interactive picking
    -p, --patch           select hunks interactively
    -e, --edit            edit current diff and apply
    -f, --force           allow adding otherwise ignored files
    -u, --update          update tracked files
    --renormalize         renormalize EOL of tracked files (implies -u)
    -N, --intent-to-add   record only the fact that the path will be added later
    -A, --all             add changes from all tracked and untracked files
    --ignore-removal      ignore paths removed in the working tree (same as --no-all)
    --refresh             don't add, only refresh the index
    --ignore-errors       just skip files which cannot be added because of errors
    --ignore-missing      check if - even missing - files are ignored in dry run
    --sparse              allow updating entries outside of the sparse-checkout cone
    --chmod (+|-)x        override the executable bit of the listed files
    --pathspec-from-file <file>
                          read pathspec from file
    --pathspec-file-nul   with --pathspec-from-file, pathspec elements are separated with NUL character


engom@DESKTOP-SH06K5Q MINGW64 ~/Desktop/d/back (main)
